// Jest Snapshot v1, https://goo.gl/fbAQLP

exports[`Pruebas en <GifItem/> should match with snapshot 1`] = `
<div>
  <div
    class="card"
  >
    <img
      alt="Saitama"
      src="https://google.com.mx"
    />
    <p>
      Saitama
    </p>
  </div>
</div>
`;
